// Jest Snapshot v1, https://goo.gl/fbAQLP

exports[`<PageHeader /> renders component 1`] = `
<DocumentFragment>
  <div
    class="MuiGrid-root MuiGrid-container MuiGrid-spacing-xs-undefined PageHeader-header-1 css-9cyib4-MuiGrid-root"
  >
    <div
      class="MuiGrid-root MuiGrid-item PageHeader-wrapper-2 css-13i4rnv-MuiGrid-root"
    >
      <h2
        class="MuiTypography-root MuiTypography-body1 PageHeader-title-3 css-ahj2mt-MuiTypography-root"
      >
        Title
      </h2>
    </div>
    <div
      class="MuiGrid-root MuiGrid-item PageHeader-buttons-4 css-13i4rnv-MuiGrid-root"
    >
      <div
        class="MuiGrid-root MuiGrid-container MuiGrid-spacing-xs-undefined css-16g5rpk-MuiGrid-root"
      />
    </div>
  </div>
</DocumentFragment>
`;
