// Jest Snapshot v1, https://goo.gl/fbAQLP

exports[`<ButtonToolbar /> renders component 1`] = `
<DocumentFragment>
  <div
    class="MuiGrid2-root MuiGrid2-container MuiGrid2-direction-xs-row css-fa87wz-MuiGrid2-root"
  />
</DocumentFragment>
`;
