// Jest Snapshot v1, https://goo.gl/fbAQLP

exports[`<CommonSearchForm /> renders component 1`] = `
<DocumentFragment>
  <form>
    <div
      class="MuiGrid-root MuiGrid-container MuiGrid-spacing-xs-2 css-mhc70k-MuiGrid-root"
    >
      <div
        class="MuiGrid-root MuiGrid-item MuiGrid-grid-xs-12 MuiGrid-grid-md-12 css-1idn90j-MuiGrid-root"
      >
        <div
          class="MuiPaper-root MuiPaper-elevation MuiPaper-rounded MuiPaper-elevation1 SearchInput-root-1 css-1ps6pg7-MuiPaper-root"
        >
          <button
            aria-label="search"
            class="MuiButtonBase-root MuiIconButton-root MuiIconButton-sizeMedium SearchInput-iconButton-3 css-78trlr-MuiButtonBase-root-MuiIconButton-root"
            tabindex="0"
            type="button"
          >
            <svg
              aria-hidden="true"
              class="MuiSvgIcon-root MuiSvgIcon-fontSizeMedium css-i4bv87-MuiSvgIcon-root"
              data-testid="SearchOutlinedIcon"
              focusable="false"
              viewBox="0 0 24 24"
            >
              <path
                d="M15.5 14h-.79l-.28-.27C15.41 12.59 16 11.11 16 9.5 16 5.91 13.09 3 9.5 3S3 5.91 3 9.5 5.91 16 9.5 16c1.61 0 3.09-.59 4.23-1.57l.27.28v.79l5 4.99L20.49 19l-4.99-5zm-6 0C7.01 14 5 11.99 5 9.5S7.01 5 9.5 5 14 7.01 14 9.5 11.99 14 9.5 14z"
              />
            </svg>
            <span
              class="MuiTouchRipple-root css-8je8zh-MuiTouchRipple-root"
            />
          </button>
          <div
            class="MuiInputBase-root MuiInputBase-colorPrimary SearchInput-input-2 css-1le28he-MuiInputBase-root"
            data-testid="CommonSearchInput"
          >
            <input
              class="MuiInputBase-input css-yz9k0d-MuiInputBase-input"
              name="query"
              placeholder="Query"
              type="text"
              value=""
            />
          </div>
        </div>
      </div>
    </div>
    <div
      class="MuiCollapse-root MuiCollapse-vertical MuiCollapse-hidden css-bz4dnt-MuiCollapse-root"
      style="min-height: 0px;"
    >
      <div
        class="MuiCollapse-wrapper MuiCollapse-vertical css-smkl36-MuiCollapse-wrapper"
      >
        <div
          class="MuiCollapse-wrapperInner MuiCollapse-vertical css-9l5vo-MuiCollapse-wrapperInner"
        >
          <div
            class="MuiGrid-root MuiGrid-container MuiGrid-spacing-xs-2 css-mhc70k-MuiGrid-root"
          />
        </div>
      </div>
    </div>
  </form>
</DocumentFragment>
`;
