// Jest Snapshot v1, https://goo.gl/fbAQLP

exports[`<ButtonToolbar /> renders component 1`] = `
<DocumentFragment>
  <div
    class="MuiGrid-root MuiGrid-container MuiGrid-spacing-xs-undefined css-16g5rpk-MuiGrid-root"
  />
</DocumentFragment>
`;
