// Jest Snapshot v1, https://goo.gl/fbAQLP

exports[`<FormDialog /> renders closed dialog 1`] = `<DocumentFragment />`;
